// Jest Snapshot v1, https://goo.gl/fbAQLP

exports[`Noice mobile renders correctly 1`] = `
<View
  style={
    {
      "flex": 1,
    }
  }
>
  <RNCSafeAreaProvider
    onInsetsChange={[Function]}
    style={
      [
        {
          "flex": 1,
        },
        undefined,
      ]
    }
  />
</View>
`;
